delta-sat
(
	(x (interval (884279719003555 / 281474976710656) (7074237752028441 / 2251799813685248)))
	(y (interval (1592262918131443 / 1125899906842624) (3184525836262887 / 2251799813685248)))
	(z 6)
	(i 3)
	(b1 false)
	(b2 true)
)
