delta-sat with delta = 0.001
(
	(x (interval 1.98075 1.98175))
	(y (interval 0.1995 0.2005))
	(z (interval -2.5755000000000003 -2.5745))
	((+ x y) (interval 2.18025 2.1822500000000002))
	(b1 true)
	(b2 false)
	(b3 true)
)
